Receipt {
  from: 
   { address: '1M9jofAErijG4eiPUy19Qxot1KkPRRzyet',
     label: 'Personal' },
  to: 
   { address: '13hCoaeW632HQHpzvMmiyNbVWk8Bfpvz14',
     label: undefined },
  input: 74570,
  payment: 1000,
  fee: 10000,
  change: 63570,
  response: 'Not Published',
  txnID: '308e67ed8ccae86addd9a6b54c231c5a09f48863cd7625c89a4d0dc493cfeaf0',
  txnHex: '010000000109882232243a0ff09bf0fe98f3be6130935642d11508c38d22724a81a24cd813010000006b4830450221008f3a2c6c3572e8078f25204b5d722b9c1c6caa2d6d3f1f1f4c923ebd7213ecd10220234cb09d675dd18ab4a2f0f6c271a9d257c579159bd7b04964d09b17b4fa0b29012103ef12ef92ab520c62061e07186faac5ef43e835a3ef63ddd1437d15e9fcb0dab30000000002e8030000000000001976a9141d8abe268642dda7228be625e425749f0fc5467988ac52f80000000000001976a914dd09932106e2fd0f296b726da9cb5cf142648e9588ac00000000' }
