Receipt {
  from: { address: '15J4SyQ9yCGetJ8uUyUoqjULASspzJMgAa', label: 'Work' },
  to: 
   { address: '1M9jofAErijG4eiPUy19Qxot1KkPRRzyet',
     label: 'Personal' },
  input: 74570,
  payment: 1000,
  fee: 10000,
  change: 63570,
  response: 'Not Published',
  txnID: '88152080cabab4115fe13f836715aaaf935a63ae49fd2b1d6cf240cbca3c1738',
  txnHex: '010000000109882232243a0ff09bf0fe98f3be6130935642d11508c38d22724a81a24cd813010000006a473044022002c21dabdb7da5acb6051684ef2be32c2510f744f900f5270502254e4e57043f022066ce62c421fb110c48e004897a652e281127d233d23fae495ab9f547bf0db701012102c2b7480e50454bbe03a28780cbceafa7358414f95e69496c2f48e5363f13399c0000000002e8030000000000001976a914dd09932106e2fd0f296b726da9cb5cf142648e9588ac52f80000000000001976a9142f1a73db3c8b1757f6e989132c641e30f2e0f19a88ac00000000' }
