Receipt {
  from: 
   { address: '1M9jofAErijG4eiPUy19Qxot1KkPRRzyet',
     label: 'Personal' },
  to: 
   { address: '13hCoaeW632HQHpzvMmiyNbVWk8Bfpvz14',
     label: undefined },
  input: 74570,
  payment: 55000,
  fee: 10000,
  change: 9570,
  response: 'Not Published',
  txnID: 'b2b1316bbc3da78ab9848e5945003a38dcbaf50e26abc6017e4b0b15f840cd86',
  txnHex: '010000000109882232243a0ff09bf0fe98f3be6130935642d11508c38d22724a81a24cd813010000006a473044022015676ee52dffbedcb12c99e18d5bd73207167809409a3f2234e97a06693b1a920220239631d1c86557212e76e05f868825d679669d5b5554119be90953764182dc1e012103ef12ef92ab520c62061e07186faac5ef43e835a3ef63ddd1437d15e9fcb0dab3000000000be8030000000000001976a9141d8abe268642dda7228be625e425749f0fc5467988acd0070000000000001976a9141d8abe268642dda7228be625e425749f0fc5467988acb80b0000000000001976a9141d8abe268642dda7228be625e425749f0fc5467988aca00f0000000000001976a9141d8abe268642dda7228be625e425749f0fc5467988ac88130000000000001976a9141d8abe268642dda7228be625e425749f0fc5467988ac70170000000000001976a9141d8abe268642dda7228be625e425749f0fc5467988ac581b0000000000001976a9141d8abe268642dda7228be625e425749f0fc5467988ac401f0000000000001976a9141d8abe268642dda7228be625e425749f0fc5467988ac28230000000000001976a9141d8abe268642dda7228be625e425749f0fc5467988ac10270000000000001976a9141d8abe268642dda7228be625e425749f0fc5467988ac62250000000000001976a914dd09932106e2fd0f296b726da9cb5cf142648e9588ac00000000' }
