Receipt {
  from: { address: '15J4SyQ9yCGetJ8uUyUoqjULASspzJMgAa', label: 'Work' },
  to: 
   { address: '13hCoaeW632HQHpzvMmiyNbVWk8Bfpvz14',
     label: undefined },
  input: 74570,
  payment: 1000,
  fee: 10000,
  change: 63570,
  response: 'Not Published',
  txnID: 'a0da73274ca7e47ec6c001b5a40d95f46ae9db7bafe26e06e88ae400fbcff5e9',
  txnHex: '010000000109882232243a0ff09bf0fe98f3be6130935642d11508c38d22724a81a24cd813010000006a47304402200fdf75df6008eef7766b3ef4373a6220d84efbb99ab1ce517589ffec27c8d29402202871371667681683ed4fee9bf9ecb1a64336b840febb91438066dd5919b537a6012102c2b7480e50454bbe03a28780cbceafa7358414f95e69496c2f48e5363f13399c0000000002e8030000000000001976a9141d8abe268642dda7228be625e425749f0fc5467988ac52f80000000000001976a9142f1a73db3c8b1757f6e989132c641e30f2e0f19a88ac00000000' }
