Receipt {
  from: 
   { address: '1M9jofAErijG4eiPUy19Qxot1KkPRRzyet',
     label: 'Personal' },
  to: 
   { address: '13hCoaeW632HQHpzvMmiyNbVWk8Bfpvz14',
     label: undefined },
  input: 74570,
  payment: 1000,
  fee: 1,
  change: 73569,
  response: 'Not Published',
  txnID: 'cb4e9eaf407d6ac720827172ed7f1ebf8dc0141c2d0c111b2da1c250c08a1d75',
  txnHex: '010000000109882232243a0ff09bf0fe98f3be6130935642d11508c38d22724a81a24cd813010000006a4730440220367e849052fec5315c48f8d6ab3f8aeaaf7b8a20140ad8a5b011c79758d29765022074c55f4f11761469423878a3cabdadea2f7c227b098d52f329bd21223ff52fd9012103ef12ef92ab520c62061e07186faac5ef43e835a3ef63ddd1437d15e9fcb0dab30000000002e8030000000000001976a9141d8abe268642dda7228be625e425749f0fc5467988ac611f0100000000001976a914dd09932106e2fd0f296b726da9cb5cf142648e9588ac00000000' }
