Receipt {
  from: 
   { address: '1M9jofAErijG4eiPUy19Qxot1KkPRRzyet',
     label: 'Personal' },
  to: 
   { address: '13hCoaeW632HQHpzvMmiyNbVWk8Bfpvz14',
     label: undefined },
  input: 74570,
  payment: 3000,
  fee: 10000,
  change: 61570,
  response: 'Not Published',
  txnID: '676647ff90689333014f70c292bf8cd47f980ec2eeec134820bfd67aaf75f0cb',
  txnHex: '010000000109882232243a0ff09bf0fe98f3be6130935642d11508c38d22724a81a24cd813010000006a473044022073eba04c9c810d40be5cc661add1f307e310aaa60a3a7aaf15ce9976c15b0e6302207000dd60363004d8172e772d285b4534c6b21ab6b57f67936b16ff86d28ef1df012103ef12ef92ab520c62061e07186faac5ef43e835a3ef63ddd1437d15e9fcb0dab30000000003e8030000000000001976a9141d8abe268642dda7228be625e425749f0fc5467988acd0070000000000001976a9141d8abe268642dda7228be625e425749f0fc5467988ac82f00000000000001976a914dd09932106e2fd0f296b726da9cb5cf142648e9588ac00000000' }
