Receipt {
  from: 
   { address: '1M9jofAErijG4eiPUy19Qxot1KkPRRzyet',
     label: 'Personal' },
  to: 
   { address: '13hCoaeW632HQHpzvMmiyNbVWk8Bfpvz14',
     label: 'test_files/hello_world.txt' },
  input: 74570,
  payment: 20000,
  fee: 12345,
  change: 42225,
  response: 'Not Published',
  txnID: 'fd8d0b3312765181834a12e2b42afb7829035b4d4c9631efc1031c14aef72cbf',
  txnHex: '010000000109882232243a0ff09bf0fe98f3be6130935642d11508c38d22724a81a24cd813010000006a47304402200c1a88c408a29c6a192bea5fa5881113d7736b373d211809b411856fecde5fb102204f86a8e5ef8864633410d19a1a76dab72bd105275a3d06bcb222236bd88a8d96012103ef12ef92ab520c62061e07186faac5ef43e835a3ef63ddd1437d15e9fcb0dab30000000002204e0000000000001976a9141d8abe268642dda7228be625e425749f0fc5467988acf1a40000000000001976a914dd09932106e2fd0f296b726da9cb5cf142648e9588ac00000000' }
