Receipt {
  from: 
   { address: '1M9jofAErijG4eiPUy19Qxot1KkPRRzyet',
     label: 'Personal' },
  to: 
   { address: '13hCoaeW632HQHpzvMmiyNbVWk8Bfpvz14',
     label: 'test_files/hello_world.txt' },
  input: 74570,
  payment: 5430,
  fee: 10000,
  change: 59140,
  response: 'Transaction Submitted',
  txnID: 'b20d6599f5ba38780437df1618e4c18c77ab4af8c7390d7bd1fcd9aaa826d4c6',
  txnHex: '010000000109882232243a0ff09bf0fe98f3be6130935642d11508c38d22724a81a24cd813010000006a473044022031f9e571cdd69f031f708ba53f7a46973812ae2baaf00b39400dcc94ed1b317802205da9f847380ebbbcd402c4229694d64ba81f96808e8cde82c2e0a7f554dca839012103ef12ef92ab520c62061e07186faac5ef43e835a3ef63ddd1437d15e9fcb0dab3000000000236150000000000001976a9141d8abe268642dda7228be625e425749f0fc5467988ac04e70000000000001976a914dd09932106e2fd0f296b726da9cb5cf142648e9588ac00000000' }
